// Jest Snapshot v1, https://goo.gl/fbAQLP

exports[`Pruebas en <RegisterScreen/> debe de mostrarse correctamente 1`] = `
Array [
  <h3>
     Register 
  </h3>,
  <form
    className="animate__animated animate__fadeIn animate_faster"
    onSubmit={[Function]}
  >
    <input
      autoComplete="off"
      className="auth__input"
      name="name"
      onChange={[Function]}
      placeholder="Name"
      type="text"
      value="Paola"
    />
    <input
      autoComplete="off"
      className="auth__input"
      name="email"
      onChange={[Function]}
      placeholder="Email"
      type="text"
      value="mail@gmail.com"
    />
    <input
      autoComplete="off"
      className="auth__input"
      name="password"
      onChange={[Function]}
      placeholder="Password"
      type="password"
      value="123456"
    />
    <input
      autoComplete="off"
      className="auth__input"
      name="password2"
      onChange={[Function]}
      placeholder="Confirm"
      type="password"
      value="123456"
    />
    <button
      className="btn btn-primary btn-block mb-5"
      type="submit"
    >
       Register
    </button>
    <hr />
    <div>
      <a
        className="link mt-5"
        href="/auth/login"
        onClick={[Function]}
      >
         Already registered?
      </a>
    </div>
  </form>,
]
`;
